\BOOKMARK [1][-]{section.1}{\376\377\000I\000n\000t\000r\000o\000d\000u\000c\000t\000i\000o\000n}{}% 1
\BOOKMARK [2][-]{subsection.1.1}{\376\377\000M\000o\000t\000i\000v\000a\000t\000i\000o\000n\000\040\000a\000n\000d\000\040\000C\000o\000n\000t\000r\000i\000b\000u\000t\000i\000o\000n\000s}{section.1}% 2
\BOOKMARK [2][-]{subsection.1.2}{\376\377\000A\000p\000p\000r\000o\000a\000c\000h}{section.1}% 3
\BOOKMARK [2][-]{subsection.1.3}{\376\377\000P\000a\000p\000e\000r\000\040\000O\000r\000g\000a\000n\000i\000z\000a\000t\000i\000o\000n}{section.1}% 4
\BOOKMARK [1][-]{section.2}{\376\377\000R\000e\000l\000a\000t\000e\000d\000\040\000W\000o\000r\000k}{}% 5
\BOOKMARK [2][-]{subsection.2.1}{\376\377\000A\000d\000v\000e\000r\000s\000a\000r\000i\000a\000l\000\040\000E\000x\000a\000m\000p\000l\000e\000s\000\040\000a\000n\000d\000\040\000P\000r\000o\000m\000p\000t\000\040\000I\000n\000j\000e\000c\000t\000i\000o\000n}{section.2}% 6
\BOOKMARK [2][-]{subsection.2.2}{\376\377\000R\000e\000p\000r\000e\000s\000e\000n\000t\000a\000t\000i\000o\000n\000\040\000E\000n\000g\000i\000n\000e\000e\000r\000i\000n\000g\000\040\000a\000n\000d\000\040\000P\000r\000o\000b\000i\000n\000g\000\040\000C\000l\000a\000s\000s\000i\000f\000i\000e\000r\000s}{section.2}% 7
\BOOKMARK [2][-]{subsection.2.3}{\376\377\000L\000L\000M\000\040\000R\000e\000d\000-\000T\000e\000a\000m\000i\000n\000g\000\040\000a\000n\000d\000\040\000E\000v\000a\000l\000u\000a\000t\000i\000o\000n}{section.2}% 8
\BOOKMARK [1][-]{section.3}{\376\377\000M\000e\000t\000h\000o\000d\000o\000l\000o\000g\000y}{}% 9
\BOOKMARK [2][-]{subsection.3.1}{\376\377\000E\000v\000a\000l\000u\000a\000t\000i\000o\000n\000\040\000C\000o\000n\000t\000r\000o\000l\000s}{section.3}% 10
\BOOKMARK [2][-]{subsection.3.2}{\376\377\000M\000e\000a\000s\000u\000r\000e\000m\000e\000n\000t\000\040\000A\000p\000p\000a\000r\000a\000t\000u\000s\000:\000\040\000A\000D\000A\000G\000E\000\040\000P\000i\000p\000e\000l\000i\000n\000e}{section.3}% 11
\BOOKMARK [1][-]{section.4}{\376\377\000E\000x\000p\000e\000r\000i\000m\000e\000n\000t\000s}{}% 12
\BOOKMARK [2][-]{subsection.4.1}{\376\377\000E\000x\000p\000e\000r\000i\000m\000e\000n\000t\000a\000l\000\040\000S\000e\000t\000u\000p}{section.4}% 13
\BOOKMARK [2][-]{subsection.4.2}{\376\377\000H\000e\000a\000d\000l\000i\000n\000e\000\040\000N\000u\000m\000b\000e\000r\000s\000\040\000\050\000R\000e\000a\000d\000e\000r\000\040\000O\000r\000i\000e\000n\000t\000a\000t\000i\000o\000n\000\051}{section.4}% 14
\BOOKMARK [2][-]{subsection.4.3}{\376\377\000L\000a\000b\000e\000l\000-\000F\000r\000e\000e\000\040\000D\000e\000t\000e\000c\000t\000i\000o\000n\000\040\000R\000u\000l\000e}{section.4}% 15
\BOOKMARK [2][-]{subsection.4.4}{\376\377\000I\000n\000s\000t\000r\000u\000c\000t\000i\000o\000n\000-\000F\000o\000l\000l\000o\000w\000i\000n\000g\000\040\000C\000o\000n\000f\000o\000u\000n\000d}{section.4}% 16
\BOOKMARK [2][-]{subsection.4.5}{\376\377\000P\000i\000p\000e\000l\000i\000n\000e\000\040\000R\000e\000d\000u\000n\000d\000a\000n\000c\000y\000\040\000U\000n\000d\000e\000r\000\040\000E\000q\000u\000a\000l\000i\000z\000a\000t\000i\000o\000n}{section.4}% 17
\BOOKMARK [2][-]{subsection.4.6}{\376\377\000W\000i\000t\000h\000i\000n\000-\000F\000a\000m\000i\000l\000y\000\040\000S\000c\000a\000l\000e\000\040\000P\000a\000t\000t\000e\000r\000n\000s}{section.4}% 18
\BOOKMARK [2][-]{subsection.4.7}{\376\377\000N\000e\000g\000a\000t\000i\000v\000e\000\040\000R\000e\000s\000u\000l\000t\000:\000\040\000T\000r\000a\000n\000s\000f\000e\000r\000\040\000t\000o\000\040\000A\000u\000t\000o\000n\000o\000m\000o\000u\000s\000\040\000D\000e\000c\000e\000p\000t\000i\000o\000n}{section.4}% 19
\BOOKMARK [3][-]{subsubsection.4.7.1}{\376\377\000P\000r\000e\000-\000R\000e\000g\000i\000s\000t\000e\000r\000e\000d\000\040\0004\000t\000h\000\040\000S\000c\000e\000n\000a\000r\000i\000o\000:\000\040\000K\000n\000o\000w\000l\000e\000d\000g\000e\000-\000C\000o\000n\000f\000l\000i\000c\000t\000\040\000C\000l\000a\000r\000i\000t\000y}{subsection.4.7}% 20
\BOOKMARK [2][-]{subsection.4.8}{\376\377\000C\000r\000o\000s\000s\000-\000F\000a\000m\000i\000l\000y\000\040\000E\000x\000t\000r\000a\000c\000t\000i\000o\000n}{section.4}% 21
\BOOKMARK [2][-]{subsection.4.9}{\376\377\000W\000h\000i\000t\000e\000-\000B\000o\000x\000\040\000P\000r\000o\000b\000i\000n\000g\000\040\000B\000a\000s\000e\000l\000i\000n\000e}{section.4}% 22
\BOOKMARK [1][-]{section.5}{\376\377\000D\000i\000s\000c\000u\000s\000s\000i\000o\000n}{}% 23
\BOOKMARK [2][-]{subsection.5.1}{\376\377\000C\000o\000n\000s\000t\000r\000u\000c\000t\000\040\000V\000a\000l\000i\000d\000i\000t\000y\000:\000\040\000t\000h\000e\000\040\000I\000C\000C\000=\0000\000.\0001\0001\0004\000\040\000C\000a\000v\000e\000a\000t\000,\000\040\000O\000w\000n\000e\000d}{section.5}% 24
\BOOKMARK [2][-]{subsection.5.2}{\376\377\000B\000l\000a\000c\000k\000-\000b\000o\000x\000\040\000B\000e\000h\000a\000v\000i\000o\000r\000a\000l\000\040\000v\000s\000.\000\040\000W\000h\000i\000t\000e\000-\000b\000o\000x\000\040\000P\000r\000o\000b\000i\000n\000g}{section.5}% 25
\BOOKMARK [2][-]{subsection.5.3}{\376\377\000I\000n\000s\000t\000r\000u\000c\000t\000e\000d\000\040\000R\000o\000l\000e\000p\000l\000a\000y\000\040\000v\000s\000.\000\040\000G\000e\000n\000u\000i\000n\000e\000\040\000D\000e\000c\000e\000p\000t\000i\000o\000n}{section.5}% 26
\BOOKMARK [2][-]{subsection.5.4}{\376\377\000C\000l\000a\000u\000d\000e\000\040\000H\000a\000i\000k\000u\000:\000\040\000R\000L\000H\000F\000\040\000S\000a\000f\000e\000t\000y\000\040\000C\000o\000m\000p\000l\000i\000a\000n\000c\000e}{section.5}% 27
\BOOKMARK [2][-]{subsection.5.5}{\376\377\000T\000e\000c\000h\000n\000i\000c\000a\000l\000\040\000C\000o\000n\000t\000r\000i\000b\000u\000t\000i\000o\000n\000\040\000a\000n\000d\000\040\000N\000o\000v\000e\000l\000t\000y}{section.5}% 28
\BOOKMARK [2][-]{subsection.5.6}{\376\377\000F\000e\000a\000t\000u\000r\000e\000\040\000E\000x\000t\000r\000a\000c\000t\000i\000o\000n\000\040\000V\000a\000l\000i\000d\000i\000t\000y}{section.5}% 29
\BOOKMARK [2][-]{subsection.5.7}{\376\377\000L\000i\000m\000i\000t\000a\000t\000i\000o\000n\000s}{section.5}% 30
\BOOKMARK [2][-]{subsection.5.8}{\376\377\000F\000u\000t\000u\000r\000e\000\040\000D\000i\000r\000e\000c\000t\000i\000o\000n\000s}{section.5}% 31
\BOOKMARK [1][-]{section.6}{\376\377\000C\000o\000n\000c\000l\000u\000s\000i\000o\000n}{}% 32
\BOOKMARK [1][-]{appendix.A}{\376\377\000S\000u\000p\000p\000l\000e\000m\000e\000n\000t\000a\000r\000y\000\040\000M\000a\000t\000e\000r\000i\000a\000l}{}% 33
\BOOKMARK [2][-]{subsection.A.1}{\376\377\000T\000a\000r\000g\000e\000t\000\040\000M\000o\000d\000e\000l\000\040\000I\000m\000p\000l\000e\000m\000e\000n\000t\000a\000t\000i\000o\000n\000\040\000D\000e\000t\000a\000i\000l\000s}{appendix.A}% 34
\BOOKMARK [3][-]{subsubsection.A.1.1}{\376\377\000T\000r\000u\000t\000h\000\040\000M\000o\000d\000e}{subsection.A.1}% 35
\BOOKMARK [3][-]{subsubsection.A.1.2}{\376\377\000L\000i\000e\000\040\000M\000o\000d\000e}{subsection.A.1}% 36
\BOOKMARK [3][-]{subsubsection.A.1.3}{\376\377\000A\000P\000I\000\040\000C\000o\000n\000f\000i\000g\000u\000r\000a\000t\000i\000o\000n}{subsection.A.1}% 37
\BOOKMARK [2][-]{subsection.A.2}{\376\377\000E\000x\000a\000m\000p\000l\000e\000\040\000I\000n\000t\000e\000r\000r\000o\000g\000a\000t\000i\000o\000n\000\040\000T\000r\000a\000n\000s\000c\000r\000i\000p\000t\000s}{appendix.A}% 38
\BOOKMARK [2][-]{subsection.A.3}{\376\377\000R\000e\000a\000l\000\040\000L\000L\000M\000\040\000I\000n\000t\000e\000r\000r\000o\000g\000a\000t\000i\000o\000n\000\040\000T\000r\000a\000n\000s\000c\000r\000i\000p\000t\000s}{appendix.A}% 39
\BOOKMARK [2][-]{subsection.A.4}{\376\377\000A\000l\000g\000o\000r\000i\000t\000h\000m\000i\000c\000\040\000S\000a\000n\000i\000t\000y\000\040\000C\000h\000e\000c\000k\000s\000\040\000\050\000M\000o\000c\000k\000\040\000T\000r\000a\000n\000s\000c\000r\000i\000p\000t\000s\000;\000\040\000N\000o\000t\000\040\000P\000r\000e\000d\000i\000c\000t\000i\000v\000e\000\040\000o\000f\000\040\000R\000e\000a\000l\000-\000M\000o\000d\000e\000l\000\040\000P\000e\000r\000f\000o\000r\000m\000a\000n\000c\000e\000\051}{appendix.A}% 40
\BOOKMARK [2][-]{subsection.A.5}{\376\377\000F\000e\000a\000t\000u\000r\000e\000\040\000C\000o\000r\000r\000e\000l\000a\000t\000i\000o\000n\000\040\000A\000n\000a\000l\000y\000s\000i\000s\000\040\000\050\000E\000X\000P\000-\000F\000\051}{appendix.A}% 41
\BOOKMARK [2][-]{subsection.A.6}{\376\377\000C\000l\000a\000i\000m\000\040\000C\000o\000n\000s\000t\000r\000u\000c\000t\000i\000o\000n\000\040\000a\000n\000d\000\040\000E\000x\000p\000e\000r\000i\000m\000e\000n\000t\000a\000l\000\040\000D\000e\000s\000i\000g\000n}{appendix.A}% 42
\BOOKMARK [2][-]{subsection.A.7}{\376\377\000S\000a\000m\000p\000l\000e\000\040\000S\000i\000z\000e\000s\000\040\000b\000y\000\040\000E\000x\000p\000e\000r\000i\000m\000e\000n\000t}{appendix.A}% 43
\BOOKMARK [2][-]{subsection.A.8}{\376\377\000C\000o\000m\000p\000u\000t\000e\000\040\000C\000o\000s\000t\000\040\000a\000n\000d\000\040\000R\000e\000p\000r\000o\000d\000u\000c\000i\000b\000i\000l\000i\000t\000y}{appendix.A}% 44
\BOOKMARK [2][-]{subsection.A.9}{\376\377\000R\000e\000g\000e\000x\000\040\000P\000a\000t\000t\000e\000r\000n\000\040\000S\000p\000e\000c\000i\000f\000i\000c\000a\000t\000i\000o\000n\000s}{appendix.A}% 45
\BOOKMARK [2][-]{subsection.A.10}{\376\377\000A\000D\000A\000G\000E\000\040\000P\000i\000p\000e\000l\000i\000n\000e\000\040\000I\000m\000p\000l\000e\000m\000e\000n\000t\000a\000t\000i\000o\000n\000\040\000D\000e\000t\000a\000i\000l\000s}{appendix.A}% 46
\BOOKMARK [3][-]{subsubsection.A.10.1}{\376\377\000P\000i\000p\000e\000l\000i\000n\000e\000\040\000C\000o\000m\000p\000o\000n\000e\000n\000t\000s}{subsection.A.10}% 47
\BOOKMARK [1][-]{appendix.B}{\376\377\000P\000e\000r\000-\000M\000o\000d\000e\000l\000\040\000I\000n\000s\000t\000r\000u\000c\000t\000e\000d\000\040\000R\000e\000s\000u\000l\000t\000s}{}% 48
\BOOKMARK [1][-]{appendix.C}{\376\377\000E\000q\000u\000a\000l\000i\000z\000e\000d\000\040\000P\000e\000r\000-\000M\000o\000d\000e\000l\000\040\000D\000e\000t\000a\000i\000l\000s}{}% 49
\BOOKMARK [1][-]{appendix.D}{\376\377\000E\000X\000P\000-\000G\000\040\000P\000e\000r\000-\000M\000o\000d\000e\000l\000\040\000D\000e\000c\000o\000m\000p\000o\000s\000i\000t\000i\000o\000n\000s}{}% 50
\BOOKMARK [1][-]{appendix.E}{\376\377\000C\000r\000o\000s\000s\000-\000F\000a\000m\000i\000l\000y\000\040\000E\000x\000t\000r\000a\000c\000t\000i\000o\000n\000\040\000D\000i\000a\000g\000n\000o\000s\000t\000i\000c\000s\000\040\000\050\000E\000X\000P\000-\000H\000\051}{}% 51
\BOOKMARK [1][-]{appendix.F}{\376\377\000V\000a\000l\000i\000d\000a\000t\000i\000o\000n\000\040\000T\000e\000s\000t\000s}{}% 52
\BOOKMARK [1][-]{appendix.G}{\376\377\000E\000n\000h\000a\000n\000c\000e\000d\000\040\000Z\000e\000r\000o\000-\000S\000h\000o\000t\000\040\000B\000a\000s\000e\000l\000i\000n\000e\000s}{}% 53
\BOOKMARK [1][-]{appendix.H}{\376\377\000H\000e\000d\000g\000i\000n\000g\000\040\000B\000a\000s\000e\000l\000i\000n\000e\000\040\000o\000n\000\040\000I\000n\000s\000t\000r\000u\000c\000t\000e\000d\000\040\000D\000a\000t\000a\000\040\000\050\000E\000X\000P\000-\000C\000\051}{}% 54
\BOOKMARK [1][-]{appendix.I}{\376\377\000M\000u\000l\000t\000i\000-\000T\000u\000r\000n\000\040\000V\000a\000l\000u\000e\000\040\000D\000e\000t\000a\000i\000l\000s}{}% 55
\BOOKMARK [1][-]{appendix.J}{\376\377\000P\000a\000c\000c\000h\000i\000a\000r\000d\000i\000-\000S\000t\000y\000l\000e\000\040\000R\000e\000p\000l\000i\000c\000a\000t\000i\000o\000n\000\040\000\050\000E\000X\000P\000-\000K\000\051}{}% 56
\BOOKMARK [1][-]{appendix.K}{\376\377\000A\000d\000v\000e\000r\000s\000a\000r\000i\000a\000l\000\040\000P\000a\000r\000a\000p\000h\000r\000a\000s\000e\000:\000\040\000Q\000u\000a\000l\000i\000t\000a\000t\000i\000v\000e\000\040\000S\000a\000m\000p\000l\000e\000s}{}% 57
\BOOKMARK [1][-]{appendix.L}{\376\377\000A\000d\000v\000e\000r\000s\000a\000r\000i\000a\000l\000\040\000C\000o\000m\000p\000l\000i\000a\000n\000c\000e\000\040\000C\000h\000e\000c\000k\000:\000\040\000T\000r\000u\000t\000h\000\040\000v\000s\000.\000\040\000L\000y\000i\000n\000g\000\040\000R\000e\000f\000u\000s\000a\000l\000\040\000D\000i\000s\000t\000r\000i\000b\000u\000t\000i\000o\000n}{}% 58
\BOOKMARK [1][-]{appendix.M}{\376\377\000C\000l\000a\000i\000m\000\040\000C\000a\000t\000e\000g\000o\000r\000y\000\040\000B\000r\000e\000a\000k\000d\000o\000w\000n}{}% 59
\BOOKMARK [1][-]{appendix.N}{\376\377\000S\000o\000n\000n\000e\000t\000\040\0004\000.\0005\000\040\000F\000r\000o\000n\000t\000i\000e\000r\000\040\000P\000i\000l\000o\000t\000:\000\040\000F\000u\000l\000l\000\040\000D\000e\000t\000a\000i\000l\000s}{}% 60
